VP6 KOORDIN Datei Peschges Variometer GmbH
v2.0
FINISH CYLINDER  *€
37:28:46
N
080:06:08
W
402.3:0.000
FINISH GATE      *€
37:28:45
N
080:06:22
W
402.3:0.000
START NCI        *€
37:28:46
N
080:06:08
W
402.3:0.000
ALT START A        
37:31:50
N
080:02:16
W
402.3:0.000
ALT START B        
37:25:41
N
080:09:59
W
402.3:0.000
BALCONY DOWNS    *€
37:38:50
N
079:25:29
W
249.9:0.000
BIG HILL         *€
37:43:52
N
079:48:40
W
493.8:0.000
BIG WALKER         
37:02:33
N
081:08:12
W
899.2:0.000
BLACKSBURG       *€
37:12:28
N
080:24:30
W
649.8:123.050
BUCHANAN           
37:31:28
N
079:42:25
W
253.0:0.000
CATAWBA VALLEY   *€
37:17:03
N
080:18:03
W
563.9:0.000
COVINGTON          
37:45:34
N
080:00:04
W
381.0:0.000
CRAIGSVILLE        
38:04:43
N
079:22:59
W
472.4:0.000
EAGLE ROCK       *€
37:39:52
N
079:48:35
W
365.8:0.000
EAST RIVER         
37:16:52
N
081:07:29
W
830.6:0.000
GAP MILLS          
37:33:44
N
080:24:29
W
719.3:0.000
HILLSVILLE       *€
36:45:58
N
080:49:25
W
820.8:122.800
HINTON           *€
37:40:46
N
080:42:37
W
463.3:0.000
INGALLS          *€
37:57:05
N
079:50:02
W
1156.1:123.000
LEXINGTON          
37:47:33
N
079:26:14
W
289.6:0.000
MAGGIE             
37:25:29
N
080:22:41
W
554.7:0.000
MARION             
36:54:06
N
081:32:32
W
1190.9:0.000
MCCOY FALLS        
37:14:42
N
080:36:24
W
506.0:0.000
MILLBORO SPRINGS   
37:59:45
N
079:37:22
W
399.3:0.000
MONTEREY           
38:24:43
N
079:34:47
W
929.0:0.000
MOUNTAIN LAKE      
37:21:19
N
080:32:12
W
1196.3:0.000
NARROWS            
37:20:19
N
080:48:18
W
474.9:0.000
NEW CASTLE       *€
37:28:46
N
080:06:08
W
402.3:0.000
NEW LONDON       *€
37:16:19
N
079:20:09
W
258.8:122.800
NEW RIVER        *€
37:08:14
N
080:40:43
W
641.9:122.700
ORISKANY           
37:36:59
N
079:59:01
W
356.6:0.000
PEAKS OTTER        
37:26:48
N
079:36:11
W
762.0:0.000
RADFORD            
37:05:41
N
080:30:32
W
637.0:0.000
RIVERWOOD        *€
37:47:47
N
079:46:00
W
310.9:0.000
SWEET SPRINGS      
37:37:42
N
080:14:29
W
609.0:0.000
TAZEWELL COUNTY    
37:09:02
N
081:27:15
W
883.9:0.000
UNION WV           
37:35:29
N
080:32:37
W
630.9:0.000
WAYNESBORO       *€
38:04:37
N
078:56:39
W
438.0:123.050
WITS END           
37:21:04
N
080:20:53
W
0000:0.000
BARROWS          *€
37:29:31
N
079:55:43
W
335.3:0.000
BATH ALUM        *€
38:03:09
N
079:43:44
W
542.2:0.000
BLACK BRIDGE     *€
37:36:56
N
079:30:19
W
246.3:0.000
BLUEGRASS        *€
37:03:43
N
081:11:30
W
810.8:0.000
BROOK HILL FARM  *€
37:55:41
N
079:10:41
W
487.7:0.000
BUNDORAN         *€
37:58:06
N
078:40:56
W
256.0:122.800
BURKES GARDEN    *€
37:05:44
N
081:22:09
W
932.7:0.000
BURNT CHIMNEY    *€
37:04:32
N
079:49:38
W
315.2:0.000
CATHRO           *€
37:55:41
N
078:33:05
W
158.5:0.000
CHARLOTTESVILLE  *€
38:08:19
N
078:27:10
W
194.8:118.425
COLLINS          *€
36:37:30
N
080:10:14
W
335.3:0.000
COTTONWOOD FARM  *€
38:04:52
N
078:41:44
W
210.3:0.000
DEER CREEK FARM  *€
38:28:17
N
079:48:20
W
807.7:0.000
DEER RUN         *€
36:59:39
N
080:27:16
W
731.5:0.000
FALWELL          *€
37:22:41
N
079:07:20
W
286.2:123.000
FERGUSON         *€
37:07:05
N
079:47:19
W
320.0:0.000
FINCASTLE        *€
37:31:20
N
079:51:07
W
347.5:0.000
FLATWOODS        *€
37:44:18
N
078:57:44
W
256.0:0.000
FULCHER FAMILY*FAR€
37:43:27
N
079:05:57
W
298.7:0.000
HANNAH FIELD     *€
38:23:54
N
079:36:01
W
929.0:0.000
HAWK RIDGE       *€
37:17:20
N
079:26:50
W
231.6:0.000
HOP ALONG        *€
37:47:23
N
079:46:15
W
317.0:0.000
JOHNSON FOX      *€
37:14:01
N
079:35:07
W
274.3:0.000
LAKEVIEW         *€
37:07:07
N
079:36:10
W
310.9:0.000
LEWISBURG        *€
37:51:30
N
080:23:58
W
701.6:118.900
LYNCHBURG        *€
37:19:36
N
079:12:02
W
285.9:119.800
MERCER COUNTY    *€
37:17:45
N
081:12:28
W
870.8:122.900
MICRO            *€
36:44:08
N
080:26:57
W
899.2:0.000
MILLER           *€
37:19:40
N
079:24:17
W
231.6:0.000
MOUNTAIN EMPIRE  *€
36:53:41
N
081:21:00
W
780.0:122.700
NASHS            *€
37:23:23
N
078:48:49
W
239.3:0.000
NRAO GREEN BANK  *€
38:25:50
N
079:49:32
W
826.0:122.800
PETERSTOWN       *€
37:24:04
N
080:48:26
W
484.6:0.000
RED BIRDS AIRYARD*€
37:06:46
N
079:36:33
W
286.5:0.000
RIVER FARMER     *€
37:40:42
N
079:48:18
W
304.8:0.000
ROANOKE          *€
37:19:32
N
079:58:32
W
358.4:118.150
ROBINSON PRIVATE *€
37:20:54
N
079:34:19
W
259.1:0.000
ROCKFISH AIRPARK *€
37:52:46
N
078:53:37
W
231.6:122.700
ROOT             *€
38:10:23
N
078:58:09
W
393.2:0.000
SHENANDOAH VALLEY*€
38:15:50
N
078:53:47
W
366.1:123.000
SINGLETON        *€
38:12:38
N
079:42:48
W
627.9:0.000
SMITH            *€
38:18:09
N
079:30:29
W
615.7:0.000
SMITH MOUNTAIN*LAK€
37:06:28
N
079:35:33
W
271.9:122.800
SPRINGWOOD GP    *€
37:33:14
N
079:44:59
W
304.8:0.000
STARR            *€
37:39:34
N
078:55:20
W
195.1:0.000
TAZEWELL COUNTY  *€
37:03:50
N
081:47:54
W
808.3:123.050
TBD              *€
37:32:17
N
080:09:33
W
524.3:0.000
TIMBERDOODLE     *€
37:32:11
N
079:01:24
W
246.9:0.000
TRUSSMARK        *€
37:17:05
N
080:04:11
W
310.9:0.000
TWIN RIVER       *€
37:40:46
N
079:25:13
W
219.5:0.000
TYE RIVER        *€
37:39:30
N
078:56:44
W
198.1:0.000
WHITE OAK STAND  *€
36:48:28
N
081:42:04
W
640.1:0.000
WILLOW BEND      *€
37:32:44
N
080:32:03
W
655.3:0.000
WORLEY           *€
36:57:00
N
079:52:46
W
371.6:0.000
                   
00:00:00
N
000:00:00
O
0000
                   
00:00:00
N
000:00:00
O
0000
                   
00:00:00
N
000:00:00
O
0000
                   
00:00:00
N
000:00:00
O
0000
                   
00:00:00
N
000:00:00
O
0000
                   
00:00:00
N
000:00:00
O
0000
                   
00:00:00
N
000:00:00
O
0000
                   
00:00:00
N
000:00:00
O
0000
                   
00:00:00
N
000:00:00
O
0000
                   
00:00:00
N
000:00:00
O
0000
                   
00:00:00
N
000:00:00
O
0000
                   
00:00:00
N
000:00:00
O
0000
                   
00:00:00
N
000:00:00
O
0000
                   
00:00:00
N
000:00:00
O
0000
                   
00:00:00
N
000:00:00
O
0000
                   
00:00:00
N
000:00:00
O
0000
                   
00:00:00
N
000:00:00
O
0000
                   
00:00:00
N
000:00:00
O
0000
                   
00:00:00
N
000:00:00
O
0000
                   
00:00:00
N
000:00:00
O
0000
                   
00:00:00
N
000:00:00
O
0000
                   
00:00:00
N
000:00:00
O
0000
                   
00:00:00
N
000:00:00
O
0000
                   
00:00:00
N
000:00:00
O
0000
                   
00:00:00
N
000:00:00
O
0000
                   
00:00:00
N
000:00:00
O
0000
                   
00:00:00
N
000:00:00
O
0000
                   
00:00:00
N
000:00:00
O
0000
                   
00:00:00
N
000:00:00
O
0000
                   
00:00:00
N
000:00:00
O
0000
                   
00:00:00
N
000:00:00
O
0000
                   
00:00:00
N
000:00:00
O
0000
                   
00:00:00
N
000:00:00
O
0000
                   
00:00:00
N
000:00:00
O
0000
                   
00:00:00
N
000:00:00
O
0000
                   
00:00:00
N
000:00:00
O
0000
                   
00:00:00
N
000:00:00
O
0000
                   
00:00:00
N
000:00:00
O
0000
                   
00:00:00
N
000:00:00
O
0000
                   
00:00:00
N
000:00:00
O
0000
                   
00:00:00
N
000:00:00
O
0000
                   
00:00:00
N
000:00:00
O
0000
                   
00:00:00
N
000:00:00
O
0000
                   
00:00:00
N
000:00:00
O
0000
                   
00:00:00
N
000:00:00
O
0000
                   
00:00:00
N
000:00:00
O
0000
                   
00:00:00
N
000:00:00
O
0000
                   
00:00:00
N
000:00:00
O
0000
                   
00:00:00
N
000:00:00
O
0000
                   
00:00:00
N
000:00:00
O
0000
                   
00:00:00
N
000:00:00
O
0000
                   
00:00:00
N
000:00:00
O
0000
                   
00:00:00
N
000:00:00
O
0000
                   
00:00:00
N
000:00:00
O
0000
                   
00:00:00
N
000:00:00
O
0000
                   
00:00:00
N
000:00:00
O
0000
                   
00:00:00
N
000:00:00
O
0000
                   
00:00:00
N
000:00:00
O
0000
                   
00:00:00
N
000:00:00
O
0000
                   
00:00:00
N
000:00:00
O
0000
                   
00:00:00
N
000:00:00
O
0000
                   
00:00:00
N
000:00:00
O
0000
                   
00:00:00
N
000:00:00
O
0000
                   
00:00:00
N
000:00:00
O
0000
                   
00:00:00
N
000:00:00
O
0000
                   
00:00:00
N
000:00:00
O
0000
                   
00:00:00
N
000:00:00
O
0000
                   
00:00:00
N
000:00:00
O
0000
                   
00:00:00
N
000:00:00
O
0000
                   
00:00:00
N
000:00:00
O
0000
                   
00:00:00
N
000:00:00
O
0000
                   
00:00:00
N
000:00:00
O
0000
                   
00:00:00
N
000:00:00
O
0000
                   
00:00:00
N
000:00:00
O
0000
                   
00:00:00
N
000:00:00
O
0000
                   
00:00:00
N
000:00:00
O
0000
                   
00:00:00
N
000:00:00
O
0000
                   
00:00:00
N
000:00:00
O
0000
                   
00:00:00
N
000:00:00
O
0000
                   
00:00:00
N
000:00:00
O
0000
                   
00:00:00
N
000:00:00
O
0000
                   
00:00:00
N
000:00:00
O
0000
                   
00:00:00
N
000:00:00
O
0000
                   
00:00:00
N
000:00:00
O
0000
                   
00:00:00
N
000:00:00
O
0000
                   
00:00:00
N
000:00:00
O
0000
                   
00:00:00
N
000:00:00
O
0000
                   
00:00:00
N
000:00:00
O
0000
                   
00:00:00
N
000:00:00
O
0000
                   
00:00:00
N
000:00:00
O
0000
                   
00:00:00
N
000:00:00
O
0000
                   
00:00:00
N
000:00:00
O
0000
                   
00:00:00
N
000:00:00
O
0000
                   
00:00:00
N
000:00:00
O
0000
                   
00:00:00
N
000:00:00
O
0000
                   
00:00:00
N
000:00:00
O
0000
                   
00:00:00
N
000:00:00
O
0000
                   
00:00:00
N
000:00:00
O
0000
                   
00:00:00
N
000:00:00
O
0000
                   
00:00:00
N
000:00:00
O
0000
                   
00:00:00
N
000:00:00
O
0000
                   
00:00:00
N
000:00:00
O
0000
                   
00:00:00
N
000:00:00
O
0000
                   
00:00:00
N
000:00:00
O
0000
                   
00:00:00
N
000:00:00
O
0000
                   
00:00:00
N
000:00:00
O
0000
                   
00:00:00
N
000:00:00
O
0000
                   
00:00:00
N
000:00:00
O
0000
                   
00:00:00
N
000:00:00
O
0000
                   
00:00:00
N
000:00:00
O
0000
                   
00:00:00
N
000:00:00
O
0000
                   
00:00:00
N
000:00:00
O
0000
                   
00:00:00
N
000:00:00
O
0000
                   
00:00:00
N
000:00:00
O
0000
                   
00:00:00
N
000:00:00
O
0000
                   
00:00:00
N
000:00:00
O
0000
                   
00:00:00
N
000:00:00
O
0000
                   
00:00:00
N
000:00:00
O
0000
                   
00:00:00
N
000:00:00
O
0000
                   
00:00:00
N
000:00:00
O
0000
                   
00:00:00
N
000:00:00
O
0000
                   
00:00:00
N
000:00:00
O
0000
                   
00:00:00
N
000:00:00
O
0000
                   
00:00:00
N
000:00:00
O
0000
                   
00:00:00
N
000:00:00
O
0000
                   
00:00:00
N
000:00:00
O
0000
                   
00:00:00
N
000:00:00
O
0000
                   
00:00:00
N
000:00:00
O
0000
                   
00:00:00
N
000:00:00
O
0000
                   
00:00:00
N
000:00:00
O
0000
                   
00:00:00
N
000:00:00
O
0000
                   
00:00:00
N
000:00:00
O
0000
                   
00:00:00
N
000:00:00
O
0000
                   
00:00:00
N
000:00:00
O
0000
                   
00:00:00
N
000:00:00
O
0000
                   
00:00:00
N
000:00:00
O
0000
                   
00:00:00
N
000:00:00
O
0000
                   
00:00:00
N
000:00:00
O
0000
                   
00:00:00
N
000:00:00
O
0000
                   
00:00:00
N
000:00:00
O
0000
                   
00:00:00
N
000:00:00
O
0000
                   
00:00:00
N
000:00:00
O
0000
                   
00:00:00
N
000:00:00
O
0000
                   
00:00:00
N
000:00:00
O
0000
                   
00:00:00
N
000:00:00
O
0000
                   
00:00:00
N
000:00:00
O
0000
                   
00:00:00
N
000:00:00
O
0000
                   
00:00:00
N
000:00:00
O
0000
                   
00:00:00
N
000:00:00
O
0000
                   
00:00:00
N
000:00:00
O
0000
                   
00:00:00
N
000:00:00
O
0000
                   
00:00:00
N
000:00:00
O
0000
                   
00:00:00
N
000:00:00
O
0000
                   
00:00:00
N
000:00:00
O
0000
                   
00:00:00
N
000:00:00
O
0000
                   
00:00:00
N
000:00:00
O
0000
                   
00:00:00
N
000:00:00
O
0000
                   
00:00:00
N
000:00:00
O
0000
                  
-------------------
-------------------
-------------------
-------------------
-------------------
-------------------
-------------------
-------------------
-------------------
-------------------
-------------------
-------------------
-------------------
-------------------
-------------------
                  
-------------------
-------------------
-------------------
-------------------
-------------------
-------------------
-------------------
-------------------
-------------------
-------------------
-------------------
-------------------
-------------------
-------------------
-------------------
                  
-------------------
-------------------
-------------------
-------------------
-------------------
-------------------
-------------------
-------------------
-------------------
-------------------
-------------------
-------------------
-------------------
-------------------
-------------------
                  
-------------------
-------------------
-------------------
-------------------
-------------------
-------------------
-------------------
-------------------
-------------------
-------------------
-------------------
-------------------
-------------------
-------------------
-------------------
                  
-------------------
-------------------
-------------------
-------------------
-------------------
-------------------
-------------------
-------------------
-------------------
-------------------
-------------------
-------------------
-------------------
-------------------
-------------------
                  
-------------------
-------------------
-------------------
-------------------
-------------------
-------------------
-------------------
-------------------
-------------------
-------------------
-------------------
-------------------
-------------------
-------------------
-------------------
                  
-------------------
-------------------
-------------------
-------------------
-------------------
-------------------
-------------------
-------------------
-------------------
-------------------
-------------------
-------------------
-------------------
-------------------
-------------------
                  
-------------------
-------------------
-------------------
-------------------
-------------------
-------------------
-------------------
-------------------
-------------------
-------------------
-------------------
-------------------
-------------------
-------------------
-------------------
                  
-------------------
-------------------
-------------------
-------------------
-------------------
-------------------
-------------------
-------------------
-------------------
-------------------
-------------------
-------------------
-------------------
-------------------
-------------------
                  
-------------------
-------------------
-------------------
-------------------
-------------------
-------------------
-------------------
-------------------
-------------------
-------------------
-------------------
-------------------
-------------------
-------------------
-------------------
                  
-------------------
-------------------
-------------------
-------------------
-------------------
-------------------
-------------------
-------------------
-------------------
-------------------
-------------------
-------------------
-------------------
-------------------
-------------------
                  
-------------------
-------------------
-------------------
-------------------
-------------------
-------------------
-------------------
-------------------
-------------------
-------------------
-------------------
-------------------
-------------------
-------------------
-------------------
                  
-------------------
-------------------
-------------------
-------------------
-------------------
-------------------
-------------------
-------------------
-------------------
-------------------
-------------------
-------------------
-------------------
-------------------
-------------------
                  
-------------------
-------------------
-------------------
-------------------
-------------------
-------------------
-------------------
-------------------
-------------------
-------------------
-------------------
-------------------
-------------------
-------------------
-------------------
                  
-------------------
-------------------
-------------------
-------------------
-------------------
-------------------
-------------------
-------------------
-------------------
-------------------
-------------------
-------------------
-------------------
-------------------
-------------------
                  
-------------------
-------------------
-------------------
-------------------
-------------------
-------------------
-------------------
-------------------
-------------------
-------------------
-------------------
-------------------
-------------------
-------------------
-------------------
                  
-------------------
-------------------
-------------------
-------------------
-------------------
-------------------
-------------------
-------------------
-------------------
-------------------
-------------------
-------------------
-------------------
-------------------
-------------------
                  
-------------------
-------------------
-------------------
-------------------
-------------------
-------------------
-------------------
-------------------
-------------------
-------------------
-------------------
-------------------
-------------------
-------------------
-------------------
                  
-------------------
-------------------
-------------------
-------------------
-------------------
-------------------
-------------------
-------------------
-------------------
-------------------
-------------------
-------------------
-------------------
-------------------
-------------------
                  
-------------------
-------------------
-------------------
-------------------
-------------------
-------------------
-------------------
-------------------
-------------------
-------------------
-------------------
-------------------
-------------------
-------------------
-------------------
                  
-------------------
-------------------
-------------------
-------------------
-------------------
-------------------
-------------------
-------------------
-------------------
-------------------
-------------------
-------------------
-------------------
-------------------
-------------------
                  
-------------------
-------------------
-------------------
-------------------
-------------------
-------------------
-------------------
-------------------
-------------------
-------------------
-------------------
-------------------
-------------------
-------------------
-------------------
                  
-------------------
-------------------
-------------------
-------------------
-------------------
-------------------
-------------------
-------------------
-------------------
-------------------
-------------------
-------------------
-------------------
-------------------
-------------------
                  
-------------------
-------------------
-------------------
-------------------
-------------------
-------------------
-------------------
-------------------
-------------------
-------------------
-------------------
-------------------
-------------------
-------------------
-------------------
                  
-------------------
-------------------
-------------------
-------------------
-------------------
-------------------
-------------------
-------------------
-------------------
-------------------
-------------------
-------------------
-------------------
-------------------
-------------------
                  
-------------------
-------------------
-------------------
-------------------
-------------------
-------------------
-------------------
-------------------
-------------------
-------------------
-------------------
-------------------
-------------------
-------------------
-------------------
                  
-------------------
-------------------
-------------------
-------------------
-------------------
-------------------
-------------------
-------------------
-------------------
-------------------
-------------------
-------------------
-------------------
-------------------
-------------------
                  
-------------------
-------------------
-------------------
-------------------
-------------------
-------------------
-------------------
-------------------
-------------------
-------------------
-------------------
-------------------
-------------------
-------------------
-------------------
                  
-------------------
-------------------
-------------------
-------------------
-------------------
-------------------
-------------------
-------------------
-------------------
-------------------
-------------------
-------------------
-------------------
-------------------
-------------------
                  
-------------------
-------------------
-------------------
-------------------
-------------------
-------------------
-------------------
-------------------
-------------------
-------------------
-------------------
-------------------
-------------------
-------------------
-------------------
                  
-------------------
-------------------
-------------------
-------------------
-------------------
-------------------
-------------------
-------------------
-------------------
-------------------
-------------------
-------------------
-------------------
-------------------
-------------------
                  
-------------------
-------------------
-------------------
-------------------
-------------------
-------------------
-------------------
-------------------
-------------------
-------------------
-------------------
-------------------
-------------------
-------------------
-------------------
